2011-08-16 18:25:29,062 [main] WARN  com.xuggle.xuggler - Error: no codec set for coder (../../../../../../../csrc/com/xuggle/xuggler/StreamCoder.cpp:686)
2011-08-16 20:11:39,828 [main] WARN  com.xuggle.xuggler - Error: no codec set for coder (../../../../../../../csrc/com/xuggle/xuggler/StreamCoder.cpp:686)
2011-08-16 20:14:57,781 [main] WARN  com.xuggle.xuggler - Error: no codec set for coder (../../../../../../../csrc/com/xuggle/xuggler/StreamCoder.cpp:686)
2011-08-16 20:15:41,203 [main] WARN  com.xuggle.xuggler - Error: no codec set for coder (../../../../../../../csrc/com/xuggle/xuggler/StreamCoder.cpp:686)
2011-08-16 20:19:59,625 [main] WARN  com.xuggle.xuggler - Error: no codec set for coder (../../../../../../../csrc/com/xuggle/xuggler/StreamCoder.cpp:686)
2011-08-16 20:19:59,640 [main] ERROR org.ffmpeg - [mp4 @ 0x3d6c70] track 0: could not find tag, codec not currently supported in container
2011-08-16 20:19:59,640 [main] ERROR com.xuggle.xuggler - Error: could not write header for container (../../../../../../../csrc/com/xuggle/xuggler/Container.cpp:698)
2011-08-16 20:19:59,734 [main] WARN  com.xuggle.xuggler - Got error: Attempting to encode video with non video coder (../../../../../../../csrc/com/xuggle/xuggler/StreamCoder.cpp:1204)
2011-08-16 20:20:00,140 [main] WARN  com.xuggle.xuggler - Got error: Attempting to encode video with non video coder (../../../../../../../csrc/com/xuggle/xuggler/StreamCoder.cpp:1204)
2011-08-16 20:20:00,515 [main] WARN  com.xuggle.xuggler - Got error: Attempting to encode video with non video coder (../../../../../../../csrc/com/xuggle/xuggler/StreamCoder.cpp:1204)
2011-08-16 20:20:00,906 [main] WARN  com.xuggle.xuggler - Got error: Attempting to encode video with non video coder (../../../../../../../csrc/com/xuggle/xuggler/StreamCoder.cpp:1204)
2011-08-16 20:20:01,265 [main] WARN  com.xuggle.xuggler - Got error: Attempting to encode video with non video coder (../../../../../../../csrc/com/xuggle/xuggler/StreamCoder.cpp:1204)
2011-08-16 20:20:01,671 [main] WARN  com.xuggle.xuggler - Got error: Attempting to encode video with non video coder (../../../../../../../csrc/com/xuggle/xuggler/StreamCoder.cpp:1204)
2011-08-16 20:20:02,031 [main] WARN  com.xuggle.xuggler - Got error: Attempting to encode video with non video coder (../../../../../../../csrc/com/xuggle/xuggler/StreamCoder.cpp:1204)
2011-08-16 20:20:02,421 [main] WARN  com.xuggle.xuggler - Got error: Attempting to encode video with non video coder (../../../../../../../csrc/com/xuggle/xuggler/StreamCoder.cpp:1204)
2011-08-16 20:20:02,796 [main] WARN  com.xuggle.xuggler - Got error: Attempting to encode video with non video coder (../../../../../../../csrc/com/xuggle/xuggler/StreamCoder.cpp:1204)
2011-08-16 20:20:03,187 [main] WARN  com.xuggle.xuggler - Got error: Attempting to encode video with non video coder (../../../../../../../csrc/com/xuggle/xuggler/StreamCoder.cpp:1204)
2011-08-16 20:20:03,546 [main] WARN  com.xuggle.xuggler - Got error: Attempting to encode video with non video coder (../../../../../../../csrc/com/xuggle/xuggler/StreamCoder.cpp:1204)
2011-08-16 20:20:03,953 [main] WARN  com.xuggle.xuggler - Got error: Attempting to encode video with non video coder (../../../../../../../csrc/com/xuggle/xuggler/StreamCoder.cpp:1204)
2011-08-16 20:20:04,312 [main] WARN  com.xuggle.xuggler - Got error: Attempting to encode video with non video coder (../../../../../../../csrc/com/xuggle/xuggler/StreamCoder.cpp:1204)
2011-08-16 20:20:04,703 [main] WARN  com.xuggle.xuggler - Got error: Attempting to encode video with non video coder (../../../../../../../csrc/com/xuggle/xuggler/StreamCoder.cpp:1204)
2011-08-16 20:20:05,078 [main] WARN  com.xuggle.xuggler - Got error: Attempting to encode video with non video coder (../../../../../../../csrc/com/xuggle/xuggler/StreamCoder.cpp:1204)
2011-08-16 20:20:05,468 [main] WARN  com.xuggle.xuggler - Got error: Attempting to encode video with non video coder (../../../../../../../csrc/com/xuggle/xuggler/StreamCoder.cpp:1204)
2011-08-16 20:20:05,843 [main] WARN  com.xuggle.xuggler - Got error: Attempting to encode video with non video coder (../../../../../../../csrc/com/xuggle/xuggler/StreamCoder.cpp:1204)
2011-08-16 20:20:06,234 [main] WARN  com.xuggle.xuggler - Got error: Attempting to encode video with non video coder (../../../../../../../csrc/com/xuggle/xuggler/StreamCoder.cpp:1204)
2011-08-16 20:20:06,593 [main] WARN  com.xuggle.xuggler - Got error: Attempting to encode video with non video coder (../../../../../../../csrc/com/xuggle/xuggler/StreamCoder.cpp:1204)
2011-08-16 20:20:07,000 [main] WARN  com.xuggle.xuggler - Got error: Attempting to encode video with non video coder (../../../../../../../csrc/com/xuggle/xuggler/StreamCoder.cpp:1204)
2011-08-16 20:20:07,359 [main] WARN  com.xuggle.xuggler - Got error: Attempting to encode video with non video coder (../../../../../../../csrc/com/xuggle/xuggler/StreamCoder.cpp:1204)
2011-08-16 20:20:07,750 [main] WARN  com.xuggle.xuggler - Got error: Attempting to encode video with non video coder (../../../../../../../csrc/com/xuggle/xuggler/StreamCoder.cpp:1204)
2011-08-16 20:20:08,125 [main] WARN  com.xuggle.xuggler - Got error: Attempting to encode video with non video coder (../../../../../../../csrc/com/xuggle/xuggler/StreamCoder.cpp:1204)
2011-08-16 20:20:08,515 [main] WARN  com.xuggle.xuggler - Got error: Attempting to encode video with non video coder (../../../../../../../csrc/com/xuggle/xuggler/StreamCoder.cpp:1204)
2011-08-16 20:20:08,875 [main] WARN  com.xuggle.xuggler - Got error: Attempting to encode video with non video coder (../../../../../../../csrc/com/xuggle/xuggler/StreamCoder.cpp:1204)
2011-08-16 20:20:09,265 [main] WARN  com.xuggle.xuggler - Got error: Attempting to encode video with non video coder (../../../../../../../csrc/com/xuggle/xuggler/StreamCoder.cpp:1204)
2011-08-16 20:20:09,640 [main] WARN  com.xuggle.xuggler - Got error: Attempting to encode video with non video coder (../../../../../../../csrc/com/xuggle/xuggler/StreamCoder.cpp:1204)
2011-08-16 20:20:10,031 [main] WARN  com.xuggle.xuggler - Got error: Attempting to encode video with non video coder (../../../../../../../csrc/com/xuggle/xuggler/StreamCoder.cpp:1204)
2011-08-16 20:20:10,390 [main] WARN  com.xuggle.xuggler - Got error: Attempting to encode video with non video coder (../../../../../../../csrc/com/xuggle/xuggler/StreamCoder.cpp:1204)
2011-08-16 20:20:10,796 [main] WARN  com.xuggle.xuggler - Got error: Attempting to encode video with non video coder (../../../../../../../csrc/com/xuggle/xuggler/StreamCoder.cpp:1204)
2011-08-16 20:20:11,156 [main] WARN  com.xuggle.xuggler - Got error: Attempting to encode video with non video coder (../../../../../../../csrc/com/xuggle/xuggler/StreamCoder.cpp:1204)
2011-08-16 20:20:11,546 [main] WARN  com.xuggle.xuggler - Got error: Attempting to encode video with non video coder (../../../../../../../csrc/com/xuggle/xuggler/StreamCoder.cpp:1204)
2011-08-16 20:20:11,921 [main] WARN  com.xuggle.xuggler - Got error: Attempting to encode video with non video coder (../../../../../../../csrc/com/xuggle/xuggler/StreamCoder.cpp:1204)
2011-08-16 20:20:12,312 [main] WARN  com.xuggle.xuggler - Got error: Attempting to encode video with non video coder (../../../../../../../csrc/com/xuggle/xuggler/StreamCoder.cpp:1204)
2011-08-16 20:20:12,671 [main] WARN  com.xuggle.xuggler - Got error: Attempting to encode video with non video coder (../../../../../../../csrc/com/xuggle/xuggler/StreamCoder.cpp:1204)
2011-08-16 20:20:13,078 [main] WARN  com.xuggle.xuggler - Got error: Attempting to encode video with non video coder (../../../../../../../csrc/com/xuggle/xuggler/StreamCoder.cpp:1204)
2011-08-16 20:20:13,437 [main] WARN  com.xuggle.xuggler - Got error: Attempting to encode video with non video coder (../../../../../../../csrc/com/xuggle/xuggler/StreamCoder.cpp:1204)
2011-08-16 20:20:13,828 [main] WARN  com.xuggle.xuggler - Got error: Attempting to encode video with non video coder (../../../../../../../csrc/com/xuggle/xuggler/StreamCoder.cpp:1204)
2011-08-16 20:20:14,203 [main] WARN  com.xuggle.xuggler - Got error: Attempting to encode video with non video coder (../../../../../../../csrc/com/xuggle/xuggler/StreamCoder.cpp:1204)
2011-08-16 20:20:14,593 [main] WARN  com.xuggle.xuggler - Got error: Attempting to encode video with non video coder (../../../../../../../csrc/com/xuggle/xuggler/StreamCoder.cpp:1204)
2011-08-16 20:20:14,953 [main] WARN  com.xuggle.xuggler - Got error: Attempting to encode video with non video coder (../../../../../../../csrc/com/xuggle/xuggler/StreamCoder.cpp:1204)
2011-08-16 20:20:15,359 [main] WARN  com.xuggle.xuggler - Got error: Attempting to encode video with non video coder (../../../../../../../csrc/com/xuggle/xuggler/StreamCoder.cpp:1204)
2011-08-16 20:20:15,718 [main] WARN  com.xuggle.xuggler - Got error: Attempting to encode video with non video coder (../../../../../../../csrc/com/xuggle/xuggler/StreamCoder.cpp:1204)
2011-08-16 20:20:16,109 [main] WARN  com.xuggle.xuggler - Got error: Attempting to encode video with non video coder (../../../../../../../csrc/com/xuggle/xuggler/StreamCoder.cpp:1204)
2011-08-16 20:20:16,484 [main] WARN  com.xuggle.xuggler - Got error: Attempting to encode video with non video coder (../../../../../../../csrc/com/xuggle/xuggler/StreamCoder.cpp:1204)
2011-08-16 20:20:16,812 [main] WARN  com.xuggle.xuggler - writeTrailer() with no matching call to writeHeader() (../../../../../../../csrc/com/xuggle/xuggler/Container.cpp:734)
2011-08-16 20:20:42,406 [main] WARN  com.xuggle.xuggler - Error: no codec set for coder (../../../../../../../csrc/com/xuggle/xuggler/StreamCoder.cpp:686)
2011-08-16 20:20:42,406 [main] ERROR org.ffmpeg - [mp4 @ 0x3d6c70] track 0: could not find tag, codec not currently supported in container
2011-08-16 20:20:42,406 [main] ERROR com.xuggle.xuggler - Error: could not write header for container (../../../../../../../csrc/com/xuggle/xuggler/Container.cpp:698)
2011-08-16 20:20:42,515 [main] WARN  com.xuggle.xuggler - Got error: Attempting to encode video with non video coder (../../../../../../../csrc/com/xuggle/xuggler/StreamCoder.cpp:1204)
2011-08-16 20:20:42,921 [main] WARN  com.xuggle.xuggler - Got error: Attempting to encode video with non video coder (../../../../../../../csrc/com/xuggle/xuggler/StreamCoder.cpp:1204)
2011-08-16 20:20:43,281 [main] WARN  com.xuggle.xuggler - Got error: Attempting to encode video with non video coder (../../../../../../../csrc/com/xuggle/xuggler/StreamCoder.cpp:1204)
2011-08-16 20:20:43,687 [main] WARN  com.xuggle.xuggler - Got error: Attempting to encode video with non video coder (../../../../../../../csrc/com/xuggle/xuggler/StreamCoder.cpp:1204)
2011-08-16 20:20:44,046 [main] WARN  com.xuggle.xuggler - Got error: Attempting to encode video with non video coder (../../../../../../../csrc/com/xuggle/xuggler/StreamCoder.cpp:1204)
2011-08-16 20:20:44,453 [main] WARN  com.xuggle.xuggler - Got error: Attempting to encode video with non video coder (../../../../../../../csrc/com/xuggle/xuggler/StreamCoder.cpp:1204)
2011-08-16 20:20:44,812 [main] WARN  com.xuggle.xuggler - Got error: Attempting to encode video with non video coder (../../../../../../../csrc/com/xuggle/xuggler/StreamCoder.cpp:1204)
2011-08-16 20:20:45,218 [main] WARN  com.xuggle.xuggler - Got error: Attempting to encode video with non video coder (../../../../../../../csrc/com/xuggle/xuggler/StreamCoder.cpp:1204)
2011-08-16 20:20:45,578 [main] WARN  com.xuggle.xuggler - Got error: Attempting to encode video with non video coder (../../../../../../../csrc/com/xuggle/xuggler/StreamCoder.cpp:1204)
2011-08-16 20:20:45,968 [main] WARN  com.xuggle.xuggler - Got error: Attempting to encode video with non video coder (../../../../../../../csrc/com/xuggle/xuggler/StreamCoder.cpp:1204)
2011-08-16 20:20:46,343 [main] WARN  com.xuggle.xuggler - Got error: Attempting to encode video with non video coder (../../../../../../../csrc/com/xuggle/xuggler/StreamCoder.cpp:1204)
2011-08-16 20:20:46,734 [main] WARN  com.xuggle.xuggler - Got error: Attempting to encode video with non video coder (../../../../../../../csrc/com/xuggle/xuggler/StreamCoder.cpp:1204)
2011-08-16 20:20:47,109 [main] WARN  com.xuggle.xuggler - Got error: Attempting to encode video with non video coder (../../../../../../../csrc/com/xuggle/xuggler/StreamCoder.cpp:1204)
2011-08-16 20:20:47,500 [main] WARN  com.xuggle.xuggler - Got error: Attempting to encode video with non video coder (../../../../../../../csrc/com/xuggle/xuggler/StreamCoder.cpp:1204)
2011-08-16 20:20:47,859 [main] WARN  com.xuggle.xuggler - Got error: Attempting to encode video with non video coder (../../../../../../../csrc/com/xuggle/xuggler/StreamCoder.cpp:1204)
2011-08-16 20:20:48,265 [main] WARN  com.xuggle.xuggler - Got error: Attempting to encode video with non video coder (../../../../../../../csrc/com/xuggle/xuggler/StreamCoder.cpp:1204)
2011-08-16 20:20:48,640 [main] WARN  com.xuggle.xuggler - Got error: Attempting to encode video with non video coder (../../../../../../../csrc/com/xuggle/xuggler/StreamCoder.cpp:1204)
2011-08-16 20:20:49,031 [main] WARN  com.xuggle.xuggler - Got error: Attempting to encode video with non video coder (../../../../../../../csrc/com/xuggle/xuggler/StreamCoder.cpp:1204)
2011-08-16 20:20:49,390 [main] WARN  com.xuggle.xuggler - Got error: Attempting to encode video with non video coder (../../../../../../../csrc/com/xuggle/xuggler/StreamCoder.cpp:1204)
2011-08-16 20:20:49,796 [main] WARN  com.xuggle.xuggler - Got error: Attempting to encode video with non video coder (../../../../../../../csrc/com/xuggle/xuggler/StreamCoder.cpp:1204)
2011-08-16 20:20:50,156 [main] WARN  com.xuggle.xuggler - Got error: Attempting to encode video with non video coder (../../../../../../../csrc/com/xuggle/xuggler/StreamCoder.cpp:1204)
2011-08-16 20:20:50,562 [main] WARN  com.xuggle.xuggler - Got error: Attempting to encode video with non video coder (../../../../../../../csrc/com/xuggle/xuggler/StreamCoder.cpp:1204)
2011-08-16 20:20:50,921 [main] WARN  com.xuggle.xuggler - Got error: Attempting to encode video with non video coder (../../../../../../../csrc/com/xuggle/xuggler/StreamCoder.cpp:1204)
2011-08-16 20:20:51,312 [main] WARN  com.xuggle.xuggler - Got error: Attempting to encode video with non video coder (../../../../../../../csrc/com/xuggle/xuggler/StreamCoder.cpp:1204)
2011-08-16 20:20:51,687 [main] WARN  com.xuggle.xuggler - Got error: Attempting to encode video with non video coder (../../../../../../../csrc/com/xuggle/xuggler/StreamCoder.cpp:1204)
2011-08-16 20:20:52,078 [main] WARN  com.xuggle.xuggler - Got error: Attempting to encode video with non video coder (../../../../../../../csrc/com/xuggle/xuggler/StreamCoder.cpp:1204)
2011-08-16 20:20:52,453 [main] WARN  com.xuggle.xuggler - Got error: Attempting to encode video with non video coder (../../../../../../../csrc/com/xuggle/xuggler/StreamCoder.cpp:1204)
2011-08-16 20:20:52,859 [main] WARN  com.xuggle.xuggler - Got error: Attempting to encode video with non video coder (../../../../../../../csrc/com/xuggle/xuggler/StreamCoder.cpp:1204)
2011-08-16 20:20:53,218 [main] WARN  com.xuggle.xuggler - Got error: Attempting to encode video with non video coder (../../../../../../../csrc/com/xuggle/xuggler/StreamCoder.cpp:1204)
2011-08-16 20:20:53,609 [main] WARN  com.xuggle.xuggler - Got error: Attempting to encode video with non video coder (../../../../../../../csrc/com/xuggle/xuggler/StreamCoder.cpp:1204)
2011-08-16 20:20:54,000 [main] WARN  com.xuggle.xuggler - Got error: Attempting to encode video with non video coder (../../../../../../../csrc/com/xuggle/xuggler/StreamCoder.cpp:1204)
2011-08-16 20:20:54,406 [main] WARN  com.xuggle.xuggler - Got error: Attempting to encode video with non video coder (../../../../../../../csrc/com/xuggle/xuggler/StreamCoder.cpp:1204)
2011-08-16 20:20:54,765 [main] WARN  com.xuggle.xuggler - Got error: Attempting to encode video with non video coder (../../../../../../../csrc/com/xuggle/xuggler/StreamCoder.cpp:1204)
2011-08-16 20:20:55,156 [main] WARN  com.xuggle.xuggler - Got error: Attempting to encode video with non video coder (../../../../../../../csrc/com/xuggle/xuggler/StreamCoder.cpp:1204)
2011-08-16 20:20:55,531 [main] WARN  com.xuggle.xuggler - Got error: Attempting to encode video with non video coder (../../../../../../../csrc/com/xuggle/xuggler/StreamCoder.cpp:1204)
2011-08-16 20:20:55,921 [main] WARN  com.xuggle.xuggler - Got error: Attempting to encode video with non video coder (../../../../../../../csrc/com/xuggle/xuggler/StreamCoder.cpp:1204)
2011-08-16 20:20:56,281 [main] WARN  com.xuggle.xuggler - Got error: Attempting to encode video with non video coder (../../../../../../../csrc/com/xuggle/xuggler/StreamCoder.cpp:1204)
2011-08-16 20:20:56,687 [main] WARN  com.xuggle.xuggler - Got error: Attempting to encode video with non video coder (../../../../../../../csrc/com/xuggle/xuggler/StreamCoder.cpp:1204)
2011-08-16 20:20:57,046 [main] WARN  com.xuggle.xuggler - Got error: Attempting to encode video with non video coder (../../../../../../../csrc/com/xuggle/xuggler/StreamCoder.cpp:1204)
2011-08-16 20:20:57,453 [main] WARN  com.xuggle.xuggler - Got error: Attempting to encode video with non video coder (../../../../../../../csrc/com/xuggle/xuggler/StreamCoder.cpp:1204)
2011-08-16 20:20:57,812 [main] WARN  com.xuggle.xuggler - Got error: Attempting to encode video with non video coder (../../../../../../../csrc/com/xuggle/xuggler/StreamCoder.cpp:1204)
2011-08-16 20:20:58,203 [main] WARN  com.xuggle.xuggler - Got error: Attempting to encode video with non video coder (../../../../../../../csrc/com/xuggle/xuggler/StreamCoder.cpp:1204)
2011-08-16 20:20:58,578 [main] WARN  com.xuggle.xuggler - Got error: Attempting to encode video with non video coder (../../../../../../../csrc/com/xuggle/xuggler/StreamCoder.cpp:1204)
2011-08-16 20:20:58,968 [main] WARN  com.xuggle.xuggler - Got error: Attempting to encode video with non video coder (../../../../../../../csrc/com/xuggle/xuggler/StreamCoder.cpp:1204)
2011-08-16 20:20:59,343 [main] WARN  com.xuggle.xuggler - Got error: Attempting to encode video with non video coder (../../../../../../../csrc/com/xuggle/xuggler/StreamCoder.cpp:1204)
2011-08-16 20:20:59,671 [main] WARN  com.xuggle.xuggler - writeTrailer() with no matching call to writeHeader() (../../../../../../../csrc/com/xuggle/xuggler/Container.cpp:734)
